// Jest Snapshot v1, https://goo.gl/fbAQLP

exports[`renders user shallow correctly 1`] = `
<UserInfoFull
  birthYear={1994}
  selectedUser={
    Object {
      "age": 24,
    }
  }
/>
`;
